# intel
intel {
    global: dl_py2f_mp_private_initialise*;
            dl_py2f_mp_private_finalise*;
            dl_py2f_mp_assign*;
            dl_py2f_mp_get*;
            dl_py2f_mp_set*;
            dl_py2f_mp_keys*;
            dl_py2f_mp_return*;
            dl_py2f_mp_enquireshape*;
            dl_py2f_mp_enquiretype*;
            dl_py2f_mp_enquirekey*;
            dl_py2f_mp_ptr2dict*;
    local :  *;
};

# gnu
gnu {
    global: __dl_py2f_MOD_get*;
            __dl_py2f_MOD_set*;
            __dl_py2f_MOD___vtab*;
            __dl_py2f_MOD_ptr2dict*;
            __dl_py2f_MOD_private_initialise;
            __dl_py2f_MOD_private_finalise;
            __dl_py2f_MOD_keys;
            __dl_py2f_MOD_enquireshape;
            __dl_py2f_MOD_enquiretype;
            __dl_py2f_MOD_enquirekey;
            *dl_f2py*;
            *getSymbols*;
            *associated*;
};

# cray
cce {
    global: 
            dl_py2f_;
            init$dl_py2f_;
            keys$dl_py2f_;
            ptr2dict$dl_py2f_;
            enquireshape$dl_py2f_;
            enquiretype$dl_py2f_;
            enquirekey$dl_py2f_;
            setonedimdbl$dl_py2f_;
            settwodimdbl$dl_py2f_;
            settwodimdbl*;
            setonedimint$dl_py2f_;
            settwodimint$dl_py2f_;
            setonedimlong$dl_py2f_; 
            settwodimlong$dl_py2f_; 
            setcchararray$dl_py2f_; 
            setscalar$dl_py2f_; 
            getint$dl_py2f_; 
            getintclong$dl_py2f_; 
            getreal$dl_py2f_;    
            getdouble$dl_py2f_; 
            getonedimint$dl_py2f_; 
            getonedimlong$dl_py2f_; 
            getonedimdbl$dl_py2f_; 
            gettwodimint$dl_py2f_; 
            gettwodimlong$dl_py2f_; 
            gettwodimdbl$dl_py2f_; 
            getchar$dl_py2f_; 
            getcchararray$dl_py2f_; 
            getlogical$dl_py2f_; 
            getclogical$dl_py2f_; 
            getpyptr$dl_py2f_; 
            getcptr$dl_py2f_; 
            getcfuncptr$dl_py2f_; 
            private_finalise$dl_py2f_;
    local:  *;
};
